include terrain.map
title Gold Rush
desc There's gold in them hills.
start 25 25
end 40 40
landscape Gate 40 41 10
landscape Rail 24 25 west-east
landscape Rail 26 25 west-east
landscape Rail 25 24 north-south
landscape Rail 25 26 north-south

landscape Rail 23 25 north-east
landscape Rail 23 24 north-south
landscape Rail 23 23 south-east
landscape Rail 24 23 west-east
landscape Rail 25 23 south-west
movable Box 24 25

map
.................................................
.................................................
.................................................
.................................................
.................................................
.................................................
.................................................
.................................................
.................................................
.................................................
.................................................
.................................................
.................................................
.................................................
.................................................
.................................................
.................................................
.................................................
.................................................
.................................................
.................................................
.................................................
.................................................
.................................................
.................................................
.................................................
.................................................
.................................................
.................................................
.................................................
.................................................
.................................................
.................................................
.................................................
.................................................
.................................................
.................................................
.................................................
.................................................
.................................................
.................................................
.................................................
.................................................
.................................................
.................................................
.................................................
.................................................
.................................................
.................................................
.................................................
.................................................